Archive member included to satisfy reference by file (symbol)

C:/ST/STM32CubeIDE_1.19.0/STM32CubeIDE/plugins/com.st.stm32cube.ide.mcu.externaltools.gnu-tools-for-stm32.13.3.rel1.win32_1.0.0.202411081344/tools/bin/../lib/gcc/arm-none-eabi/13.3.1/../../../../arm-none-eabi/lib/thumb/v7e-m+fp/hard\libc_nano.a(libc_a-exit.o)
                              C:/ST/STM32CubeIDE_1.19.0/STM32CubeIDE/plugins/com.st.stm32cube.ide.mcu.externaltools.gnu-tools-for-stm32.13.3.rel1.win32_1.0.0.202411081344/tools/bin/../lib/gcc/arm-none-eabi/13.3.1/../../../../arm-none-eabi/lib/thumb/v7e-m+fp/hard/crt0.o (exit)
C:/ST/STM32CubeIDE_1.19.0/STM32CubeIDE/plugins/com.st.stm32cube.ide.mcu.externaltools.gnu-tools-for-stm32.13.3.rel1.win32_1.0.0.202411081344/tools/bin/../lib/gcc/arm-none-eabi/13.3.1/../../../../arm-none-eabi/lib/thumb/v7e-m+fp/hard\libc_nano.a(libc_a-findfp.o)
                              C:/ST/STM32CubeIDE_1.19.0/STM32CubeIDE/plugins/com.st.stm32cube.ide.mcu.externaltools.gnu-tools-for-stm32.13.3.rel1.win32_1.0.0.202411081344/tools/bin/../lib/gcc/arm-none-eabi/13.3.1/../../../../arm-none-eabi/lib/thumb/v7e-m+fp/hard\libc_nano.a(libc_a-exit.o) (__stdio_exit_handler)
C:/ST/STM32CubeIDE_1.19.0/STM32CubeIDE/plugins/com.st.stm32cube.ide.mcu.externaltools.gnu-tools-for-stm32.13.3.rel1.win32_1.0.0.202411081344/tools/bin/../lib/gcc/arm-none-eabi/13.3.1/../../../../arm-none-eabi/lib/thumb/v7e-m+fp/hard\libc_nano.a(libc_a-fwalk.o)
                              C:/ST/STM32CubeIDE_1.19.0/STM32CubeIDE/plugins/com.st.stm32cube.ide.mcu.externaltools.gnu-tools-for-stm32.13.3.rel1.win32_1.0.0.202411081344/tools/bin/../lib/gcc/arm-none-eabi/13.3.1/../../../../arm-none-eabi/lib/thumb/v7e-m+fp/hard\libc_nano.a(libc_a-findfp.o) (_fwalk_sglue)
C:/ST/STM32CubeIDE_1.19.0/STM32CubeIDE/plugins/com.st.stm32cube.ide.mcu.externaltools.gnu-tools-for-stm32.13.3.rel1.win32_1.0.0.202411081344/tools/bin/../lib/gcc/arm-none-eabi/13.3.1/../../../../arm-none-eabi/lib/thumb/v7e-m+fp/hard\libc_nano.a(libc_a-stdio.o)
                              C:/ST/STM32CubeIDE_1.19.0/STM32CubeIDE/plugins/com.st.stm32cube.ide.mcu.externaltools.gnu-tools-for-stm32.13.3.rel1.win32_1.0.0.202411081344/tools/bin/../lib/gcc/arm-none-eabi/13.3.1/../../../../arm-none-eabi/lib/thumb/v7e-m+fp/hard\libc_nano.a(libc_a-findfp.o) (__sread)
C:/ST/STM32CubeIDE_1.19.0/STM32CubeIDE/plugins/com.st.stm32cube.ide.mcu.externaltools.gnu-tools-for-stm32.13.3.rel1.win32_1.0.0.202411081344/tools/bin/../lib/gcc/arm-none-eabi/13.3.1/../../../../arm-none-eabi/lib/thumb/v7e-m+fp/hard\libc_nano.a(libc_a-memset.o)
                              C:/ST/STM32CubeIDE_1.19.0/STM32CubeIDE/plugins/com.st.stm32cube.ide.mcu.externaltools.gnu-tools-for-stm32.13.3.rel1.win32_1.0.0.202411081344/tools/bin/../lib/gcc/arm-none-eabi/13.3.1/../../../../arm-none-eabi/lib/thumb/v7e-m+fp/hard/crt0.o (memset)
C:/ST/STM32CubeIDE_1.19.0/STM32CubeIDE/plugins/com.st.stm32cube.ide.mcu.externaltools.gnu-tools-for-stm32.13.3.rel1.win32_1.0.0.202411081344/tools/bin/../lib/gcc/arm-none-eabi/13.3.1/../../../../arm-none-eabi/lib/thumb/v7e-m+fp/hard\libc_nano.a(libc_a-closer.o)
                              C:/ST/STM32CubeIDE_1.19.0/STM32CubeIDE/plugins/com.st.stm32cube.ide.mcu.externaltools.gnu-tools-for-stm32.13.3.rel1.win32_1.0.0.202411081344/tools/bin/../lib/gcc/arm-none-eabi/13.3.1/../../../../arm-none-eabi/lib/thumb/v7e-m+fp/hard\libc_nano.a(libc_a-stdio.o) (_close_r)
C:/ST/STM32CubeIDE_1.19.0/STM32CubeIDE/plugins/com.st.stm32cube.ide.mcu.externaltools.gnu-tools-for-stm32.13.3.rel1.win32_1.0.0.202411081344/tools/bin/../lib/gcc/arm-none-eabi/13.3.1/../../../../arm-none-eabi/lib/thumb/v7e-m+fp/hard\libc_nano.a(libc_a-reent.o)
                              C:/ST/STM32CubeIDE_1.19.0/STM32CubeIDE/plugins/com.st.stm32cube.ide.mcu.externaltools.gnu-tools-for-stm32.13.3.rel1.win32_1.0.0.202411081344/tools/bin/../lib/gcc/arm-none-eabi/13.3.1/../../../../arm-none-eabi/lib/thumb/v7e-m+fp/hard\libc_nano.a(libc_a-closer.o) (errno)
C:/ST/STM32CubeIDE_1.19.0/STM32CubeIDE/plugins/com.st.stm32cube.ide.mcu.externaltools.gnu-tools-for-stm32.13.3.rel1.win32_1.0.0.202411081344/tools/bin/../lib/gcc/arm-none-eabi/13.3.1/../../../../arm-none-eabi/lib/thumb/v7e-m+fp/hard\libc_nano.a(libc_a-impure.o)
                              C:/ST/STM32CubeIDE_1.19.0/STM32CubeIDE/plugins/com.st.stm32cube.ide.mcu.externaltools.gnu-tools-for-stm32.13.3.rel1.win32_1.0.0.202411081344/tools/bin/../lib/gcc/arm-none-eabi/13.3.1/../../../../arm-none-eabi/lib/thumb/v7e-m+fp/hard\libc_nano.a(libc_a-reent.o) (_impure_ptr)
C:/ST/STM32CubeIDE_1.19.0/STM32CubeIDE/plugins/com.st.stm32cube.ide.mcu.externaltools.gnu-tools-for-stm32.13.3.rel1.win32_1.0.0.202411081344/tools/bin/../lib/gcc/arm-none-eabi/13.3.1/../../../../arm-none-eabi/lib/thumb/v7e-m+fp/hard\libc_nano.a(libc_a-lseekr.o)
[...]
Memory Configuration

Name             Origin             Length             Attributes
RAM              0x20000000         0x00008000         xrw
FLASH            0x08000000         0x00010000         xr
*default*        0x00000000         0xffffffff

Linker script and memory map

LOAD C:/ST/STM32CubeIDE_1.19.0/STM32CubeIDE/plugins/com.st.stm32cube.ide.mcu.externaltools.gnu-tools-for-stm32.13.3.rel1.win32_1.0.0.202411081344/tools/bin/../lib/gcc/arm-none-eabi/13.3.1/thumb/v7e-m+fp/hard/crti.o
LOAD C:/ST/STM32CubeIDE_1.19.0/STM32CubeIDE/plugins/com.st.stm32cube.ide.mcu.externaltools.gnu-tools-for-stm32.13.3.rel1.win32_1.0.0.202411081344/tools/bin/../lib/gcc/arm-none-eabi/13.3.1/thumb/v7e-m+fp/hard/crtbegin.o
LOAD C:/ST/STM32CubeIDE_1.19.0/STM32CubeIDE/plugins/com.st.stm32cube.ide.mcu.externaltools.gnu-tools-for-stm32.13.3.rel1.win32_1.0.0.202411081344/tools/bin/../lib/gcc/arm-none-eabi/13.3.1/../../../../arm-none-eabi/lib/thumb/v7e-m+fp/hard/crt0.o
LOAD ./Core/Src/Initialize.o
LOAD ./Core/Src/LED.o
LOAD ./Core/Src/T100MotorControl.o
LOAD ./Core/Src/main.o
LOAD ./Core/Src/stm32f4xx_hal_msp.o
LOAD ./Core/Src/stm32f4xx_it.o
LOAD ./Core/Src/syscalls.o
LOAD ./Core/Src/sysmem.o
LOAD ./Core/Src/system_stm32f4xx.o
LOAD ./Core/Startup/startup_stm32f410r8tx.o
LOAD ./Drivers/STM32F4xx_HAL_Driver/Src/stm32f4xx_hal.o
LOAD ./Drivers/STM32F4xx_HAL_Driver/Src/stm32f4xx_hal_cortex.o
LOAD ./Drivers/STM32F4xx_HAL_Driver/Src/stm32f4xx_hal_dma.o
LOAD ./Drivers/STM32F4xx_HAL_Driver/Src/stm32f4xx_hal_dma_ex.o
LOAD ./Drivers/STM32F4xx_HAL_Driver/Src/stm32f4xx_hal_exti.o
LOAD ./Drivers/STM32F4xx_HAL_Driver/Src/stm32f4xx_hal_flash.o
LOAD ./Drivers/STM32F4xx_HAL_Driver/Src/stm32f4xx_hal_flash_ex.o
LOAD ./Drivers/STM32F4xx_HAL_Driver/Src/stm32f4xx_hal_flash_ramfunc.o
LOAD ./Drivers/STM32F4xx_HAL_Driver/Src/stm32f4xx_hal_gpio.o
LOAD ./Drivers/STM32F4xx_HAL_Driver/Src/stm32f4xx_hal_i2c.o
LOAD ./Drivers/STM32F4xx_HAL_Driver/Src/stm32f4xx_hal_i2c_ex.o
LOAD ./Drivers/STM32F4xx_HAL_Driver/Src/stm32f4xx_hal_pwr.o
LOAD ./Drivers/STM32F4xx_HAL_Driver/Src/stm32f4xx_hal_pwr_ex.o
LOAD ./Drivers/STM32F4xx_HAL_Driver/Src/stm32f4xx_hal_rcc.o
LOAD ./Drivers/STM32F4xx_HAL_Driver/Src/stm32f4xx_hal_rcc_ex.o
LOAD ./Drivers/STM32F4xx_HAL_Driver/Src/stm32f4xx_hal_tim.o
LOAD ./Drivers/STM32F4xx_HAL_Driver/Src/stm32f4xx_hal_tim_ex.o
LOAD ./Drivers/STM32F4xx_HAL_Driver/Src/stm32f4xx_hal_uart.o
START GROUP
LOAD C:/ST/STM32CubeIDE_1.19.0/STM32CubeIDE/plugins/com.st.stm32cube.ide.mcu.externaltools.gnu-tools-for-stm32.13.3.rel1.win32_1.0.0.202411081344/tools/bin/../lib/gcc/arm-none-eabi/13.3.1/../../../../arm-none-eabi/lib/thumb/v7e-m+fp/hard\libc_nano.a
LOAD C:/ST/STM32CubeIDE_1.19.0/STM32CubeIDE/plugins/com.st.stm32cube.ide.mcu.externaltools.gnu-tools-for-stm32.13.3.rel1.win32_1.0.0.202411081344/tools/bin/../lib/gcc/arm-none-eabi/13.3.1/../../../../arm-none-eabi/lib/thumb/v7e-m+fp/hard\libm.a
END GROUP
START GROUP
LOAD C:/ST/STM32CubeIDE_1.19.0/STM32CubeIDE/plugins/com.st.stm32cube.ide.mcu.externaltools.gnu-tools-for-stm32.13.3.rel1.win32_1.0.0.202411081344/tools/bin/../lib/gcc/arm-none-eabi/13.3.1/thumb/v7e-m+fp/hard\libgcc.a
LOAD C:/ST/STM32CubeIDE_1.19.0/STM32CubeIDE/plugins/com.st.stm32cube.ide.mcu.externaltools.gnu-tools-for-stm32.13.3.rel1.win32_1.0.0.202411081344/tools/bin/../lib/gcc/arm-none-eabi/13.3.1/../../../../arm-none-eabi/lib/thumb/v7e-m+fp/hard\libc_nano.a
END GROUP
START GROUP
LOAD C:/ST/STM32CubeIDE_1.19.0/STM32CubeIDE/plugins/com.st.stm32cube.ide.mcu.externaltools.gnu-tools-for-stm32.13.3.rel1.win32_1.0.0.202411081344/tools/bin/../lib/gcc/arm-none-eabi/13.3.1/thumb/v7e-m+fp/hard\libgcc.a
LOAD C:/ST/STM32CubeIDE_1.19.0/STM32CubeIDE/plugins/com.st.stm32cube.ide.mcu.externaltools.gnu-tools-for-stm32.13.3.rel1.win32_1.0.0.202411081344/tools/bin/../lib/gcc/arm-none-eabi/13.3.1/../../../../arm-none-eabi/lib/thumb/v7e-m+fp/hard\libc_nano.a
LOAD C:/ST/STM32CubeIDE_1.19.0/STM32CubeIDE/plugins/com.st.stm32cube.ide.mcu.externaltools.gnu-tools-for-stm32.13.3.rel1.win32_1.0.0.202411081344/tools/bin/../lib/gcc/arm-none-eabi/13.3.1/../../../../arm-none-eabi/lib/thumb/v7e-m+fp/hard\libnosys.a
END GROUP
START GROUP
LOAD C:/ST/STM32CubeIDE_1.19.0/STM32CubeIDE/plugins/com.st.stm32cube.ide.mcu.externaltools.gnu-tools-for-stm32.13.3.rel1.win32_1.0.0.202411081344/tools/bin/../lib/gcc/arm-none-eabi/13.3.1/thumb/v7e-m+fp/hard\libgcc.a
LOAD C:/ST/STM32CubeIDE_1.19.0/STM32CubeIDE/plugins/com.st.stm32cube.ide.mcu.externaltools.gnu-tools-for-stm32.13.3.rel1.win32_1.0.0.202411081344/tools/bin/../lib/gcc/arm-none-eabi/13.3.1/../../../../arm-none-eabi/lib/thumb/v7e-m+fp/hard\libc_nano.a
LOAD C:/ST/STM32CubeIDE_1.19.0/STM32CubeIDE/plugins/com.st.stm32cube.ide.mcu.externaltools.gnu-tools-for-stm32.13.3.rel1.win32_1.0.0.202411081344/tools/bin/../lib/gcc/arm-none-eabi/13.3.1/../../../../arm-none-eabi/lib/thumb/v7e-m+fp/hard\libnosys.a
END GROUP
LOAD C:/ST/STM32CubeIDE_1.19.0/STM32CubeIDE/plugins/com.st.stm32cube.ide.mcu.externaltools.gnu-tools-for-stm32.13.3.rel1.win32_1.0.0.202411081344/tools/bin/../lib/gcc/arm-none-eabi/13.3.1/thumb/v7e-m+fp/hard/crtend.o
LOAD C:/ST/STM32CubeIDE_1.19.0/STM32CubeIDE/plugins/com.st.stm32cube.ide.mcu.externaltools.gnu-tools-for-stm32.13.3.rel1.win32_1.0.0.202411081344/tools/bin/../lib/gcc/arm-none-eabi/13.3.1/thumb/v7e-m+fp/hard/crtn.o
                0x20008000                        _estack = (ORIGIN (RAM) + LENGTH (RAM))
                0x00000200                        _Min_Heap_Size = 0x200
                0x00000400                        _Min_Stack_Size = 0x400

.isr_vector     0x08000000      0x1c8
                0x08000000                        . = ALIGN (0x4)
 *(.isr_vector)
 .isr_vector    0x08000000      0x1c8 ./Core/Startup/startup_stm32f410r8tx.o
                0x08000000                g_pfnVectors
                0x080001c8                        . = ALIGN (0x4)

.text           0x080001c8     0x55ac
                0x080001c8                        . = ALIGN (0x4)
 *(.text)
 .text          0x080001c8       0x40 C:/ST/STM32CubeIDE_1.19.0/STM32CubeIDE/plugins/com.st.stm32cube.ide.mcu.externaltools.gnu-tools-for-stm32.13.3.rel1.win32_1.0.0.202411081344/tools/bin/../lib/gcc/arm-none-eabi/13.3.1/thumb/v7e-m+fp/hard/crtbegin.o
 .text          0x08000208      0x254 C:/ST/STM32CubeIDE_1.19.0/STM32CubeIDE/plugins/com.st.stm32cube.ide.mcu.externaltools.gnu-tools-for-stm32.13.3.rel1.win32_1.0.0.202411081344/tools/bin/../lib/gcc/arm-none-eabi/13.3.1/thumb/v7e-m+fp/hard\libgcc.a(_arm_muldf3.o)
                0x08000208                __muldf3
                0x08000208                __aeabi_dmul
 .text          0x0800045c      0x378 C:/ST/STM32CubeIDE_1.19.0/STM32CubeIDE/plugins/com.st.stm32cube.ide.mcu.externaltools.gnu-tools-for-stm32.13.3.rel1.win32_1.0.0.202411081344/tools/bin/../lib/gcc/arm-none-eabi/13.3.1/thumb/v7e-m+fp/hard\libgcc.a(_arm_addsubdf3.o)
                0x0800045c                __aeabi_drsub
                0x08000464                __aeabi_dsub
                0x08000464                __subdf3
                0x08000468                __aeabi_dadd
                0x08000468                __adddf3
                0x080006e0                __floatunsidf
                0x080006e0                __aeabi_ui2d
                0x08000700                __floatsidf
                0x08000700                __aeabi_i2d
                0x08000724                __aeabi_f2d
                0x08000724                __extendsfdf2
                0x08000768                __floatundidf
                0x08000768                __aeabi_ul2d
                0x08000778                __floatdidf
                0x08000778                __aeabi_l2d
 .text          0x080007d4       0x40 C:/ST/STM32CubeIDE_1.19.0/STM32CubeIDE/plugins/com.st.stm32cube.ide.mcu.externaltools.gnu-tools-for-stm32.13.3.rel1.win32_1.0.0.202411081344/tools/bin/../lib/gcc/arm-none-eabi/13.3.1/thumb/v7e-m+fp/hard\libgcc.a(_arm_fixunsdfsi.o)
                0x080007d4                __aeabi_d2uiz
                0x080007d4                __fixunsdfsi
 .text          0x08000814       0x30 C:/ST/STM32CubeIDE_1.19.0/STM32CubeIDE/plugins/com.st.stm32cube.ide.mcu.externaltools.gnu-tools-for-stm32.13.3.rel1.win32_1.0.0.202411081344/tools/bin/../lib/gcc/arm-none-eabi/13.3.1/thumb/v7e-m+fp/hard\libgcc.a(_aeabi_uldivmod.o)
                0x08000814                __aeabi_uldivmod
 .text          0x08000844      0x2f8 C:/ST/STM32CubeIDE_1.19.0/STM32CubeIDE/plugins/com.st.stm32cube.ide.mcu.externaltools.gnu-tools-for-stm32.13.3.rel1.win32_1.0.0.202411081344/tools/bin/../lib/gcc/arm-none-eabi/13.3.1/thumb/v7e-m+fp/hard\libgcc.a(_udivmoddi4.o)
                0x08000844                __udivmoddi4
 .text          0x08000b3c        0x4 C:/ST/STM32CubeIDE_1.19.0/STM32CubeIDE/plugins/com.st.stm32cube.ide.mcu.externaltools.gnu-tools-for-stm32.13.3.rel1.win32_1.0.0.202411081344/tools/bin/../lib/gcc/arm-none-eabi/13.3.1/thumb/v7e-m+fp/hard\libgcc.a(_dvmd_tls.o)
                0x08000b3c                __aeabi_idiv0
                0x08000b3c                __aeabi_ldiv0
 *(.text*)
 .text.AF_INIT  0x08000b40      0x104 ./Core/Src/Initialize.o
                0x08000b40                AF_INIT
 .text.INIT_TIM_PWM
                0x08000c44      0x110 ./Core/Src/Initialize.o
                0x08000c44                INIT_TIM_PWM
 *fill*         0x08000d54        0x4 
 .text.Start_PWM
                0x08000d58      0x154 ./Core/Src/Initialize.o
                0x08000d58                Start_PWM
 *fill*         0x08000eac        0x4 
 .text.Set_Duty_Cycle
                0x08000eb0       0xa8 ./Core/Src/Initialize.o
                0x08000eb0                Set_Duty_Cycle
 .text.LEDTimerToggle
                0x08000f58       0x8c ./Core/Src/LED.o
                0x08000f58                LEDTimerToggle
 .text.Initialize_Motors
                0x08000fe4      0x118 ./Core/Src/T100MotorControl.o
                0x08000fe4                Initialize_Motors
 .text.Bitwise_Motor_Control
                0x080010fc      0x17c ./Core/Src/T100MotorControl.o
                0x080010fc                Bitwise_Motor_Control
 .text.Stop_All_Motors
                0x08001278       0x68 ./Core/Src/T100MotorControl.o
                0x08001278                Stop_All_Motors
 .text.Disable_Motor_Power_Outputs
                0x080012e0       0x68 ./Core/Src/T100MotorControl.o
                0x080012e0                Disable_Motor_Power_Outputs
 .text.Enable_Motor_Power_Outputs
                0x08001348       0x68 ./Core/Src/T100MotorControl.o
                0x08001348                Enable_Motor_Power_Outputs
 .text.Motor_Control
                0x080013b0       0x78 ./Core/Src/main.o
                0x080013b0                Motor_Control
 .text.readBuffer
                0x08001428      0x104 ./Core/Src/main.o
                0x08001428                readBuffer
 .text.LED_Control
                0x0800152c       0x60 ./Core/Src/main.o
                0x0800152c                LED_Control
 .text.SendUpdate
                0x0800158c       0x38 ./Core/Src/main.o
                0x0800158c                SendUpdate
 .text.main     0x080015c4       0x74 ./Core/Src/main.o
                0x080015c4                main
 .text.SystemClock_Config
                0x08001638       0xd4 ./Core/Src/main.o
                0x08001638                SystemClock_Config
 .text.MX_NVIC_Init
                0x0800170c       0x28 ./Core/Src/main.o
 .text.MX_I2C1_Init
                0x08001734       0x5c ./Core/Src/main.o
 .text.MX_TIM6_Init
                0x08001790       0x6c ./Core/Src/main.o
 .text.MX_TIM9_Init
                0x080017fc       0x74 ./Core/Src/main.o
 .text.MX_USART1_UART_Init
                0x08001870       0x54 ./Core/Src/main.o
 .text.MX_USART2_UART_Init
                0x080018c4       0x54 ./Core/Src/main.o
 .text.MX_DMA_Init
                0x08001918       0x40 ./Core/Src/main.o
 .text.MX_GPIO_Init
                0x08001958      0x180 ./Core/Src/main.o
 .text.HAL_UART_RxCpltCallback
                0x08001ad8       0x78 ./Core/Src/main.o
                0x08001ad8                HAL_UART_RxCpltCallback
 .text.HAL_TIM_PeriodElapsedCallback
                0x08001b50      0x180 ./Core/Src/main.o
                0x08001b50                HAL_TIM_PeriodElapsedCallback
 .text.Error_Handler
                0x08001cd0        0xc ./Core/Src/main.o
                0x08001cd0                Error_Handler
 .text.HAL_MspInit
                0x08001cdc       0x50 ./Core/Src/stm32f4xx_hal_msp.o
                0x08001cdc                HAL_MspInit
 .text.HAL_I2C_MspInit
                0x08001d2c       0x90 ./Core/Src/stm32f4xx_hal_msp.o
                0x08001d2c                HAL_I2C_MspInit
 .text.HAL_TIM_Base_MspInit
                0x08001dbc       0x7c ./Core/Src/stm32f4xx_hal_msp.o
                0x08001dbc                HAL_TIM_Base_MspInit
 .text.HAL_UART_MspInit
                0x08001e38      0x16c ./Core/Src/stm32f4xx_hal_msp.o
                0x08001e38                HAL_UART_MspInit
 .text.NMI_Handler
                0x08001fa4        0x8 ./Core/Src/stm32f4xx_it.o
                0x08001fa4                NMI_Handler
 .text.HardFault_Handler
                0x08001fac        0x8 ./Core/Src/stm32f4xx_it.o
                0x08001fac                HardFault_Handler
 .text.MemManage_Handler
                0x08001fb4        0x8 ./Core/Src/stm32f4xx_it.o
                0x08001fb4                MemManage_Handler
 .text.BusFault_Handler
                0x08001fbc        0x8 ./Core/Src/stm32f4xx_it.o
                0x08001fbc                BusFault_Handler
 .text.UsageFault_Handler
                0x08001fc4        0x8 ./Core/Src/stm32f4xx_it.o
                0x08001fc4                UsageFault_Handler
 .text.SVC_Handler
                0x08001fcc        0xe ./Core/Src/stm32f4xx_it.o
                0x08001fcc                SVC_Handler
 .text.DebugMon_Handler
                0x08001fda        0xe ./Core/Src/stm32f4xx_it.o
                0x08001fda                DebugMon_Handler
 .text.PendSV_Handler
                0x08001fe8        0xe ./Core/Src/stm32f4xx_it.o
                0x08001fe8                PendSV_Handler
 .text.SysTick_Handler
                0x08001ff6        0xc ./Core/Src/stm32f4xx_it.o
                0x08001ff6                SysTick_Handler
 *fill*         0x08002002        0x2 
 .text.TIM1_BRK_TIM9_IRQHandler
                0x08002004       0x14 ./Core/Src/stm32f4xx_it.o
                0x08002004                TIM1_BRK_TIM9_IRQHandler
 .text.USART1_IRQHandler
                0x08002018       0x14 ./Core/Src/stm32f4xx_it.o
                0x08002018                USART1_IRQHandler
 .text.USART2_IRQHandler
                0x0800202c       0x14 ./Core/Src/stm32f4xx_it.o
                0x0800202c                USART2_IRQHandler
 .text.TIM6_DAC_IRQHandler
                0x08002040       0x14 ./Core/Src/stm32f4xx_it.o
                0x08002040                TIM6_DAC_IRQHandler
 .text.DMA2_Stream2_IRQHandler
                0x08002054       0x14 ./Core/Src/stm32f4xx_it.o
                0x08002054                DMA2_Stream2_IRQHandler
 .text.SystemInit
                0x08002068       0x24 ./Core/Src/system_stm32f4xx.o
                0x08002068                SystemInit
 .text.Reset_Handler
                0x0800208c       0x50 ./Core/Startup/startup_stm32f410r8tx.o
                0x0800208c                Reset_Handler
 .text.Default_Handler
                0x080020dc        0x2 ./Core/Startup/startup_stm32f410r8tx.o
                0x080020dc                RTC_Alarm_IRQHandler
                0x080020dc                EXTI2_IRQHandler
                0x080020dc                FMPI2C1_EV_IRQHandler
                0x080020dc                TIM1_CC_IRQHandler
                0x080020dc                DMA2_Stream5_IRQHandler
                0x080020dc                DMA1_Stream5_IRQHandler
                0x080020dc                PVD_IRQHandler
                0x080020dc                TAMP_STAMP_IRQHandler
                0x080020dc                EXTI3_IRQHandler
                0x080020dc                EXTI0_IRQHandler
                0x080020dc                I2C2_EV_IRQHandler
                0x080020dc                DMA1_Stream2_IRQHandler
                0x080020dc                FPU_IRQHandler
                0x080020dc                SPI1_IRQHandler
                0x080020dc                DMA2_Stream3_IRQHandler
                0x080020dc                USART6_IRQHandler
                0x080020dc                DMA2_Stream0_IRQHandler
                0x080020dc                I2C1_EV_IRQHandler
                0x080020dc                DMA1_Stream6_IRQHandler
                0x080020dc                DMA1_Stream1_IRQHandler
                0x080020dc                RCC_IRQHandler
                0x080020dc                Default_Handler
                0x080020dc                EXTI15_10_IRQHandler
                0x080020dc                ADC_IRQHandler
                0x080020dc                DMA1_Stream7_IRQHandler
                0x080020dc                SPI5_IRQHandler
                0x080020dc                TIM5_IRQHandler
                0x080020dc                DMA2_Stream7_IRQHandler
                0x080020dc                EXTI9_5_IRQHandler
                0x080020dc                RTC_WKUP_IRQHandler
                0x080020dc                SPI2_IRQHandler
                0x080020dc                DMA1_Stream0_IRQHandler
                0x080020dc                FMPI2C1_ER_IRQHandler
                0x080020dc                EXTI4_IRQHandler
                0x080020dc                RNG_IRQHandler
                0x080020dc                TIM1_UP_IRQHandler
                0x080020dc                WWDG_IRQHandler
                0x080020dc                TIM1_TRG_COM_TIM11_IRQHandler
                0x080020dc                EXTI1_IRQHandler
                0x080020dc                I2C2_ER_IRQHandler
                0x080020dc                DMA2_Stream1_IRQHandler
                0x080020dc                FLASH_IRQHandler
                0x080020dc                DMA2_Stream4_IRQHandler
                0x080020dc                DMA1_Stream4_IRQHandler
                0x080020dc                I2C1_ER_IRQHandler
                0x080020dc                LPTIM1_IRQHandler
                0x080020dc                DMA2_Stream6_IRQHandler
                0x080020dc                DMA1_Stream3_IRQHandler
 *fill*         0x080020de        0x2 
 .text.HAL_Init
                0x080020e0       0x44 ./Drivers/STM32F4xx_HAL_Driver/Src/stm32f4xx_hal.o
                0x080020e0                HAL_Init
 .text.HAL_InitTick
                0x08002124       0x60 ./Drivers/STM32F4xx_HAL_Driver/Src/stm32f4xx_hal.o
                0x08002124                HAL_InitTick
 .text.HAL_IncTick
                0x08002184       0x28 ./Drivers/STM32F4xx_HAL_Driver/Src/stm32f4xx_hal.o
                0x08002184                HAL_IncTick
 .text.HAL_GetTick
                0x080021ac       0x18 ./Drivers/STM32F4xx_HAL_Driver/Src/stm32f4xx_hal.o
                0x080021ac                HAL_GetTick
 .text.HAL_Delay
                0x080021c4       0x48 ./Drivers/STM32F4xx_HAL_Driver/Src/stm32f4xx_hal.o
                0x080021c4                HAL_Delay
 .text.__NVIC_SetPriorityGrouping
                0x0800220c       0x48 ./Drivers/STM32F4xx_HAL_Driver/Src/stm32f4xx_hal_cortex.o
 .text.__NVIC_GetPriorityGrouping
                0x08002254       0x1c ./Drivers/STM32F4xx_HAL_Driver/Src/stm32f4xx_hal_cortex.o
 .text.__NVIC_EnableIRQ
                0x08002270       0x3c ./Drivers/STM32F4xx_HAL_Driver/Src/stm32f4xx_hal_cortex.o
 .text.__NVIC_SetPriority
                0x080022ac       0x54 ./Drivers/STM32F4xx_HAL_Driver/Src/stm32f4xx_hal_cortex.o
 .text.NVIC_EncodePriority
                0x08002300       0x66 ./Drivers/STM32F4xx_HAL_Driver/Src/stm32f4xx_hal_cortex.o
 *fill*         0x08002366        0x2 
 .text.SysTick_Config
                0x08002368       0x44 ./Drivers/STM32F4xx_HAL_Driver/Src/stm32f4xx_hal_cortex.o
 .text.HAL_NVIC_SetPriorityGrouping
                0x080023ac       0x16 ./Drivers/STM32F4xx_HAL_Driver/Src/stm32f4xx_hal_cortex.o
                0x080023ac                HAL_NVIC_SetPriorityGrouping
 .text.HAL_NVIC_SetPriority
                0x080023c2       0x38 ./Drivers/STM32F4xx_HAL_Driver/Src/stm32f4xx_hal_cortex.o
                0x080023c2                HAL_NVIC_SetPriority
 .text.HAL_NVIC_EnableIRQ
                0x080023fa       0x1c ./Drivers/STM32F4xx_HAL_Driver/Src/stm32f4xx_hal_cortex.o
                0x080023fa                HAL_NVIC_EnableIRQ
 .text.HAL_SYSTICK_Config
                0x08002416       0x18 ./Drivers/STM32F4xx_HAL_Driver/Src/stm32f4xx_hal_cortex.o
                0x08002416                HAL_SYSTICK_Config
 *fill*         0x0800242e        0x2 
 .text.HAL_DMA_Init
                0x08002430      0x15c ./Drivers/STM32F4xx_HAL_Driver/Src/stm32f4xx_hal_dma.o
                0x08002430                HAL_DMA_Init
 .text.HAL_DMA_Start_IT
                0x0800258c       0xb0 ./Drivers/STM32F4xx_HAL_Driver/Src/stm32f4xx_hal_dma.o
                0x0800258c                HAL_DMA_Start_IT
 .text.HAL_DMA_Abort
                0x0800263c       0xe0 ./Drivers/STM32F4xx_HAL_Driver/Src/stm32f4xx_hal_dma.o
                0x0800263c                HAL_DMA_Abort
 .text.HAL_DMA_Abort_IT
                0x0800271c       0x44 ./Drivers/STM32F4xx_HAL_Driver/Src/stm32f4xx_hal_dma.o
                0x0800271c                HAL_DMA_Abort_IT
 .text.HAL_DMA_IRQHandler
                0x08002760      0x314 ./Drivers/STM32F4xx_HAL_Driver/Src/stm32f4xx_hal_dma.o
                0x08002760                HAL_DMA_IRQHandler
 .text.DMA_SetConfig
                0x08002a74       0x5c ./Drivers/STM32F4xx_HAL_Driver/Src/stm32f4xx_hal_dma.o
 .text.DMA_CalcBaseAndBitshift
                0x08002ad0       0x6c ./Drivers/STM32F4xx_HAL_Driver/Src/stm32f4xx_hal_dma.o
 .text.DMA_CheckFifoParam
                0x08002b3c       0xf8 ./Drivers/STM32F4xx_HAL_Driver/Src/stm32f4xx_hal_dma.o
 .text.HAL_GPIO_Init
                0x08002c34      0x2e8 ./Drivers/STM32F4xx_HAL_Driver/Src/stm32f4xx_hal_gpio.o
                0x08002c34                HAL_GPIO_Init
 .text.HAL_GPIO_WritePin
                0x08002f1c       0x32 ./Drivers/STM32F4xx_HAL_Driver/Src/stm32f4xx_hal_gpio.o
                0x08002f1c                HAL_GPIO_WritePin
 *fill*         0x08002f4e        0x2 
 .text.HAL_I2C_Init
                0x08002f50      0x288 ./Drivers/STM32F4xx_HAL_Driver/Src/stm32f4xx_hal_i2c.o
                0x08002f50                HAL_I2C_Init
 .text.HAL_RCC_ClockConfig
                0x080031d8      0x1cc ./Drivers/STM32F4xx_HAL_Driver/Src/stm32f4xx_hal_rcc.o
                0x080031d8                HAL_RCC_ClockConfig
 .text.HAL_RCC_GetSysClockFreq
                0x080033a4      0x20c ./Drivers/STM32F4xx_HAL_Driver/Src/stm32f4xx_hal_rcc.o
                0x080033a4                HAL_RCC_GetSysClockFreq
 .text.HAL_RCC_GetHCLKFreq
                0x080035b0       0x18 ./Drivers/STM32F4xx_HAL_Driver/Src/stm32f4xx_hal_rcc.o
                0x080035b0                HAL_RCC_GetHCLKFreq
 .text.HAL_RCC_GetPCLK1Freq
                0x080035c8       0x28 ./Drivers/STM32F4xx_HAL_Driver/Src/stm32f4xx_hal_rcc.o
                0x080035c8                HAL_RCC_GetPCLK1Freq
 .text.HAL_RCC_GetPCLK2Freq
                0x080035f0       0x28 ./Drivers/STM32F4xx_HAL_Driver/Src/stm32f4xx_hal_rcc.o
                0x080035f0                HAL_RCC_GetPCLK2Freq
 .text.HAL_RCC_OscConfig
                0x08003618      0x508 ./Drivers/STM32F4xx_HAL_Driver/Src/stm32f4xx_hal_rcc_ex.o
                0x08003618                HAL_RCC_OscConfig
 .text.HAL_TIM_Base_Init
                0x08003b20       0x9e ./Drivers/STM32F4xx_HAL_Driver/Src/stm32f4xx_hal_tim.o
                0x08003b20                HAL_TIM_Base_Init
 *fill*         0x08003bbe        0x2 
 .text.HAL_TIM_Base_Start_IT
                0x08003bc0       0x9c ./Drivers/STM32F4xx_HAL_Driver/Src/stm32f4xx_hal_tim.o
                0x08003bc0                HAL_TIM_Base_Start_IT
 .text.HAL_TIM_IRQHandler
                0x08003c5c      0x1e0 ./Drivers/STM32F4xx_HAL_Driver/Src/stm32f4xx_hal_tim.o
                0x08003c5c                HAL_TIM_IRQHandler
 .text.HAL_TIM_ConfigClockSource
                0x08003e3c      0x18e ./Drivers/STM32F4xx_HAL_Driver/Src/stm32f4xx_hal_tim.o
                0x08003e3c                HAL_TIM_ConfigClockSource
 .text.HAL_TIM_OC_DelayElapsedCallback
                0x08003fca       0x14 ./Drivers/STM32F4xx_HAL_Driver/Src/stm32f4xx_hal_tim.o
                0x08003fca                HAL_TIM_OC_DelayElapsedCallback
 .text.HAL_TIM_IC_CaptureCallback
                0x08003fde       0x14 ./Drivers/STM32F4xx_HAL_Driver/Src/stm32f4xx_hal_tim.o
                0x08003fde                HAL_TIM_IC_CaptureCallback
 .text.HAL_TIM_PWM_PulseFinishedCallback
                0x08003ff2       0x14 ./Drivers/STM32F4xx_HAL_Driver/Src/stm32f4xx_hal_tim.o
                0x08003ff2                HAL_TIM_PWM_PulseFinishedCallback
 .text.HAL_TIM_TriggerCallback
                0x08004006       0x14 ./Drivers/STM32F4xx_HAL_Driver/Src/stm32f4xx_hal_tim.o
                0x08004006                HAL_TIM_TriggerCallback
 *fill*         0x0800401a        0x2 
 .text.TIM_Base_SetConfig
                0x0800401c       0xc8 ./Drivers/STM32F4xx_HAL_Driver/Src/stm32f4xx_hal_tim.o
                0x0800401c                TIM_Base_SetConfig
 .text.TIM_TI1_ConfigInputStage
                0x080040e4       0x5e ./Drivers/STM32F4xx_HAL_Driver/Src/stm32f4xx_hal_tim.o
 .text.TIM_TI2_ConfigInputStage
                0x08004142       0x60 ./Drivers/STM32F4xx_HAL_Driver/Src/stm32f4xx_hal_tim.o
 .text.TIM_ITRx_SetConfig
                0x080041a2       0x36 ./Drivers/STM32F4xx_HAL_Driver/Src/stm32f4xx_hal_tim.o
 .text.TIM_ETR_SetConfig
                0x080041d8       0x40 ./Drivers/STM32F4xx_HAL_Driver/Src/stm32f4xx_hal_tim.o
                0x080041d8                TIM_ETR_SetConfig
 .text.HAL_TIMEx_MasterConfigSynchronization
                0x08004218       0xb4 ./Drivers/STM32F4xx_HAL_Driver/Src/stm32f4xx_hal_tim_ex.o
                0x08004218                HAL_TIMEx_MasterConfigSynchronization
 .text.HAL_TIMEx_CommutCallback
                0x080042cc       0x14 ./Drivers/STM32F4xx_HAL_Driver/Src/stm32f4xx_hal_tim_ex.o
                0x080042cc                HAL_TIMEx_CommutCallback
 .text.HAL_TIMEx_BreakCallback
                0x080042e0       0x14 ./Drivers/STM32F4xx_HAL_Driver/Src/stm32f4xx_hal_tim_ex.o
                0x080042e0                HAL_TIMEx_BreakCallback
 .text.HAL_UART_Init
                0x080042f4       0xa0 ./Drivers/STM32F4xx_HAL_Driver/Src/stm32f4xx_hal_uart.o
                0x080042f4                HAL_UART_Init
 .text.HAL_UART_Transmit
                0x08004394      0x116 ./Drivers/STM32F4xx_HAL_Driver/Src/stm32f4xx_hal_uart.o
                0x08004394                HAL_UART_Transmit
 .text.HAL_UART_Receive_DMA
                0x080044aa       0x4a ./Drivers/STM32F4xx_HAL_Driver/Src/stm32f4xx_hal_uart.o
                0x080044aa                HAL_UART_Receive_DMA
 .text.HAL_UART_IRQHandler
                0x080044f4      0x554 ./Drivers/STM32F4xx_HAL_Driver/Src/stm32f4xx_hal_uart.o
                0x080044f4                HAL_UART_IRQHandler
 .text.HAL_UART_TxCpltCallback
                0x08004a48       0x14 ./Drivers/STM32F4xx_HAL_Driver/Src/stm32f4xx_hal_uart.o
                0x08004a48                HAL_UART_TxCpltCallback
 .text.HAL_UART_RxHalfCpltCallback
                0x08004a5c       0x14 ./Drivers/STM32F4xx_HAL_Driver/Src/stm32f4xx_hal_uart.o
                0x08004a5c                HAL_UART_RxHalfCpltCallback
 .text.HAL_UART_ErrorCallback
                0x08004a70       0x14 ./Drivers/STM32F4xx_HAL_Driver/Src/stm32f4xx_hal_uart.o
                0x08004a70                HAL_UART_ErrorCallback
 .text.HAL_UARTEx_RxEventCallback
                0x08004a84       0x18 ./Drivers/STM32F4xx_HAL_Driver/Src/stm32f4xx_hal_uart.o
                0x08004a84                HAL_UARTEx_RxEventCallback
 .text.UART_DMAReceiveCplt
                0x08004a9c      0x12c ./Drivers/STM32F4xx_HAL_Driver/Src/stm32f4xx_hal_uart.o
 .text.UART_DMARxHalfCplt
                0x08004bc8       0x3c ./Drivers/STM32F4xx_HAL_Driver/Src/stm32f4xx_hal_uart.o
 .text.UART_DMAError
                0x08004c04       0x94 ./Drivers/STM32F4xx_HAL_Driver/Src/stm32f4xx_hal_uart.o
 .text.UART_WaitOnFlagUntilTimeout
                0x08004c98       0xb2 ./Drivers/STM32F4xx_HAL_Driver/Src/stm32f4xx_hal_uart.o
 *fill*         0x08004d4a        0x2 
 .text.UART_Start_Receive_DMA
                0x08004d4c      0x14c ./Drivers/STM32F4xx_HAL_Driver/Src/stm32f4xx_hal_uart.o
                0x08004d4c                UART_Start_Receive_DMA
 .text.UART_EndTxTransfer
                0x08004e98       0x50 ./Drivers/STM32F4xx_HAL_Driver/Src/stm32f4xx_hal_uart.o
 .text.UART_EndRxTransfer
                0x08004ee8       0xc6 ./Drivers/STM32F4xx_HAL_Driver/Src/stm32f4xx_hal_uart.o
 .text.UART_DMAAbortOnError
                0x08004fae       0x22 ./Drivers/STM32F4xx_HAL_Driver/Src/stm32f4xx_hal_uart.o
 .text.UART_Transmit_IT
                0x08004fd0       0xa0 ./Drivers/STM32F4xx_HAL_Driver/Src/stm32f4xx_hal_uart.o
 .text.UART_EndTransmit_IT
                0x08005070       0x30 ./Drivers/STM32F4xx_HAL_Driver/Src/stm32f4xx_hal_uart.o
 .text.UART_Receive_IT
                0x080050a0      0x17c ./Drivers/STM32F4xx_HAL_Driver/Src/stm32f4xx_hal_uart.o
 .text.UART_SetConfig
                0x0800521c      0x4e8 ./Drivers/STM32F4xx_HAL_Driver/Src/stm32f4xx_hal_uart.o
 .text.memset   0x08005704       0x10 C:/ST/STM32CubeIDE_1.19.0/STM32CubeIDE/plugins/com.st.stm32cube.ide.mcu.externaltools.gnu-tools-for-stm32.13.3.rel1.win32_1.0.0.202411081344/tools/bin/../lib/gcc/arm-none-eabi/13.3.1/../../../../arm-none-eabi/lib/thumb/v7e-m+fp/hard\libc_nano.a(libc_a-memset.o)
                0x08005704                memset
 .text.__libc_init_array
                0x08005714       0x48 C:/ST/STM32CubeIDE_1.19.0/STM32CubeIDE/plugins/com.st.stm32cube.ide.mcu.externaltools.gnu-tools-for-stm32.13.3.rel1.win32_1.0.0.202411081344/tools/bin/../lib/gcc/arm-none-eabi/13.3.1/../../../../arm-none-eabi/lib/thumb/v7e-m+fp/hard\libc_nano.a(libc_a-init.o)
                0x08005714                __libc_init_array
 *(.glue_7)
 .glue_7        0x0800575c        0x0 linker stubs
 *(.glue_7t)
 .glue_7t       0x0800575c        0x0 linker stubs
 *(.eh_frame)
 .eh_frame      0x0800575c        0x0 C:/ST/STM32CubeIDE_1.19.0/STM32CubeIDE/plugins/com.st.stm32cube.ide.mcu.externaltools.gnu-tools-for-stm32.13.3.rel1.win32_1.0.0.202411081344/tools/bin/../lib/gcc/arm-none-eabi/13.3.1/thumb/v7e-m+fp/hard/crtbegin.o
 *(.init)
 .init          0x0800575c        0x4 C:/ST/STM32CubeIDE_1.19.0/STM32CubeIDE/plugins/com.st.stm32cube.ide.mcu.externaltools.gnu-tools-for-stm32.13.3.rel1.win32_1.0.0.202411081344/tools/bin/../lib/gcc/arm-none-eabi/13.3.1/thumb/v7e-m+fp/hard/crti.o
                0x0800575c                _init
 .init          0x08005760        0x8 C:/ST/STM32CubeIDE_1.19.0/STM32CubeIDE/plugins/com.st.stm32cube.ide.mcu.externaltools.gnu-tools-for-stm32.13.3.rel1.win32_1.0.0.202411081344/tools/bin/../lib/gcc/arm-none-eabi/13.3.1/thumb/v7e-m+fp/hard/crtn.o
 *(.fini)
 .fini          0x08005768        0x4 C:/ST/STM32CubeIDE_1.19.0/STM32CubeIDE/plugins/com.st.stm32cube.ide.mcu.externaltools.gnu-tools-for-stm32.13.3.rel1.win32_1.0.0.202411081344/tools/bin/../lib/gcc/arm-none-eabi/13.3.1/thumb/v7e-m+fp/hard/crti.o
                0x08005768                _fini
 .fini          0x0800576c        0x8 C:/ST/STM32CubeIDE_1.19.0/STM32CubeIDE/plugins/com.st.stm32cube.ide.mcu.externaltools.gnu-tools-for-stm32.13.3.rel1.win32_1.0.0.202411081344/tools/bin/../lib/gcc/arm-none-eabi/13.3.1/thumb/v7e-m+fp/hard/crtn.o
                0x08005774                        . = ALIGN (0x4)
                0x08005774                        _etext = .

.vfp11_veneer   0x08005774        0x0
 .vfp11_veneer  0x08005774        0x0 linker stubs

.v4_bx          0x08005774        0x0
 .v4_bx         0x08005774        0x0 linker stubs

.iplt           0x08005774        0x0
 .iplt          0x08005774        0x0 C:/ST/STM32CubeIDE_1.19.0/STM32CubeIDE/plugins/com.st.stm32cube.ide.mcu.externaltools.gnu-tools-for-stm32.13.3.rel1.win32_1.0.0.202411081344/tools/bin/../lib/gcc/arm-none-eabi/13.3.1/thumb/v7e-m+fp/hard/crtbegin.o

.rodata         0x08005774       0x20
                0x08005774                        . = ALIGN (0x4)
 *(.rodata)
 *(.rodata*)
 .rodata.AHBPrescTable
                0x08005774       0x10 ./Core/Src/system_stm32f4xx.o
                0x08005774                AHBPrescTable
 .rodata.APBPrescTable
                0x08005784        0x8 ./Core/Src/system_stm32f4xx.o
                0x08005784                APBPrescTable
 .rodata.flagBitshiftOffset.0
                0x0800578c        0x8 ./Drivers/STM32F4xx_HAL_Driver/Src/stm32f4xx_hal_dma.o
                0x08005794                        . = ALIGN (0x4)

.ARM.extab      0x08005794        0x0
                0x08005794                        . = ALIGN (0x4)
 *(.ARM.extab* .gnu.linkonce.armextab.*)
                0x08005794                        . = ALIGN (0x4)

.ARM            0x08005794        0x8
                0x08005794                        . = ALIGN (0x4)
                0x08005794                        __exidx_start = .
 *(.ARM.exidx*)
 .ARM.exidx     0x08005794        0x8 C:/ST/STM32CubeIDE_1.19.0/STM32CubeIDE/plugins/com.st.stm32cube.ide.mcu.externaltools.gnu-tools-for-stm32.13.3.rel1.win32_1.0.0.202411081344/tools/bin/../lib/gcc/arm-none-eabi/13.3.1/thumb/v7e-m+fp/hard\libgcc.a(_udivmoddi4.o)
                0x0800579c                        __exidx_end = .
                0x0800579c                        . = ALIGN (0x4)

.preinit_array  0x0800579c        0x0
                0x0800579c                        . = ALIGN (0x4)
                0x0800579c                        PROVIDE (__preinit_array_start = .)
 *(.preinit_array*)
                0x0800579c                        PROVIDE (__preinit_array_end = .)
                0x0800579c                        . = ALIGN (0x4)

.init_array     0x0800579c        0x4
                0x0800579c                        . = ALIGN (0x4)
                0x0800579c                        PROVIDE (__init_array_start = .)
 *(SORT_BY_NAME(.init_array.*))
 *(.init_array*)
 .init_array    0x0800579c        0x4 C:/ST/STM32CubeIDE_1.19.0/STM32CubeIDE/plugins/com.st.stm32cube.ide.mcu.externaltools.gnu-tools-for-stm32.13.3.rel1.win32_1.0.0.202411081344/tools/bin/../lib/gcc/arm-none-eabi/13.3.1/thumb/v7e-m+fp/hard/crtbegin.o
                0x080057a0                        PROVIDE (__init_array_end = .)
                0x080057a0                        . = ALIGN (0x4)

.fini_array     0x080057a0        0x4
                0x080057a0                        . = ALIGN (0x4)
                [!provide]                        PROVIDE (__fini_array_start = .)
 *(SORT_BY_NAME(.fini_array.*))
 *(.fini_array*)
 .fini_array    0x080057a0        0x4 C:/ST/STM32CubeIDE_1.19.0/STM32CubeIDE/plugins/com.st.stm32cube.ide.mcu.externaltools.gnu-tools-for-stm32.13.3.rel1.win32_1.0.0.202411081344/tools/bin/../lib/gcc/arm-none-eabi/13.3.1/thumb/v7e-m+fp/hard/crtbegin.o
                [!provide]                        PROVIDE (__fini_array_end = .)
                0x080057a4                        . = ALIGN (0x4)
                0x080057a4                        _sidata = LOADADDR (.data)

.rel.dyn        0x080057a4        0x0
 .rel.iplt      0x080057a4        0x0 C:/ST/STM32CubeIDE_1.19.0/STM32CubeIDE/plugins/com.st.stm32cube.ide.mcu.externaltools.gnu-tools-for-stm32.13.3.rel1.win32_1.0.0.202411081344/tools/bin/../lib/gcc/arm-none-eabi/13.3.1/thumb/v7e-m+fp/hard/crtbegin.o

.data           0x20000000       0x10 load address 0x080057a4
                0x20000000                        . = ALIGN (0x4)
                0x20000000                        _sdata = .
 *(.data)
 *(.data*)
 .data.LEDTimer1
                0x20000000        0x4 ./Core/Src/main.o
                0x20000000                LEDTimer1
 .data.SystemCoreClock
                0x20000004        0x4 ./Core/Src/system_stm32f4xx.o
                0x20000004                SystemCoreClock
 .data.uwTickPrio
                0x20000008        0x4 ./Drivers/STM32F4xx_HAL_Driver/Src/stm32f4xx_hal.o
                0x20000008                uwTickPrio
 .data.uwTickFreq
                0x2000000c        0x1 ./Drivers/STM32F4xx_HAL_Driver/Src/stm32f4xx_hal.o
                0x2000000c                uwTickFreq
 *(.RamFunc)
 *(.RamFunc*)
                0x20000010                        . = ALIGN (0x4)
 *fill*         0x2000000d        0x3 
                0x20000010                        _edata = .

.igot.plt       0x20000010        0x0 load address 0x080057b4
 .igot.plt      0x20000010        0x0 C:/ST/STM32CubeIDE_1.19.0/STM32CubeIDE/plugins/com.st.stm32cube.ide.mcu.externaltools.gnu-tools-for-stm32.13.3.rel1.win32_1.0.0.202411081344/tools/bin/../lib/gcc/arm-none-eabi/13.3.1/thumb/v7e-m+fp/hard/crtbegin.o
                0x20000010                        . = ALIGN (0x4)

.bss            0x20000010      0xde0 load address 0x080057b4
                0x20000010                        _sbss = .
                0x20000010                        __bss_start__ = _sbss
 *(.bss)
 .bss           0x20000010       0x1c C:/ST/STM32CubeIDE_1.19.0/STM32CubeIDE/plugins/com.st.stm32cube.ide.mcu.externaltools.gnu-tools-for-stm32.13.3.rel1.win32_1.0.0.202411081344/tools/bin/../lib/gcc/arm-none-eabi/13.3.1/thumb/v7e-m+fp/hard/crtbegin.o
 *(.bss*)
 .bss.hi2c1     0x2000002c       0x54 ./Core/Src/main.o
                0x2000002c                hi2c1
 .bss.htim6     0x20000080       0x48 ./Core/Src/main.o
                0x20000080                htim6
 .bss.htim9     0x200000c8       0x48 ./Core/Src/main.o
                0x200000c8                htim9
 .bss.huart1    0x20000110       0x48 ./Core/Src/main.o
                0x20000110                huart1
 .bss.huart2    0x20000158       0x48 ./Core/Src/main.o
                0x20000158                huart2
 .bss.hdma_usart1_rx
                0x200001a0       0x60 ./Core/Src/main.o
                0x200001a0                hdma_usart1_rx
 .bss.circleBufferRead
                0x20000200        0x4 ./Core/Src/main.o
                0x20000200                circleBufferRead
 .bss.circleBufferStore
                0x20000204        0x4 ./Core/Src/main.o
                0x20000204                circleBufferStore
 .bss.messages  0x20000208        0x4 ./Core/Src/main.o
                0x20000208                messages
 .bss.circleBuffer
                0x2000020c      0xbb8 ./Core/Src/main.o
                0x2000020c                circleBuffer
 .bss.statusUpdate
                0x20000dc4        0xb ./Core/Src/main.o
                0x20000dc4                statusUpdate
 *fill*         0x20000dcf        0x1 
 .bss.LEDTimer2
                0x20000dd0        0x4 ./Core/Src/main.o
                0x20000dd0                LEDTimer2
 .bss.LEDTimer3
                0x20000dd4        0x4 ./Core/Src/main.o
                0x20000dd4                LEDTimer3
 .bss.LEDTimer4
                0x20000dd8        0x4 ./Core/Src/main.o
                0x20000dd8                LEDTimer4
 .bss.LEDCount  0x20000ddc        0x4 ./Core/Src/main.o
                0x20000ddc                LEDCount
 .bss.LEDState1
                0x20000de0        0x4 ./Core/Src/main.o
                0x20000de0                LEDState1
 .bss.LEDState2
                0x20000de4        0x4 ./Core/Src/main.o
                0x20000de4                LEDState2
 .bss.Timecount
                0x20000de8        0x4 ./Core/Src/main.o
                0x20000de8                Timecount
 .bss.uwTick    0x20000dec        0x4 ./Drivers/STM32F4xx_HAL_Driver/Src/stm32f4xx_hal.o
                0x20000dec                uwTick
 *(COMMON)
                0x20000df0                        . = ALIGN (0x4)
                0x20000df0                        _ebss = .
                0x20000df0                        __bss_end__ = _ebss

._user_heap_stack
                0x20000df0      0x600 load address 0x080057b4
                0x20000df0                        . = ALIGN (0x8)
                [!provide]                        PROVIDE (end = .)
                0x20000df0                        PROVIDE (_end = .)
                0x20000ff0                        . = (. + _Min_Heap_Size)
 *fill*         0x20000df0      0x200 
                0x200013f0                        . = (. + _Min_Stack_Size)
 *fill*         0x20000ff0      0x400 
                0x200013f0                        . = ALIGN (0x8)

/DISCARD/
 libc.a(*)
 libm.a(*)
 libgcc.a(*)

.ARM.attributes
                0x00000000       0x30
 *(.ARM.attributes)
 .ARM.attributes
                0x00000000       0x22 C:/ST/STM32CubeIDE_1.19.0/STM32CubeIDE/plugins/com.st.stm32cube.ide.mcu.externaltools.gnu-tools-for-stm32.13.3.rel1.win32_1.0.0.202411081344/tools/bin/../lib/gcc/arm-none-eabi/13.3.1/thumb/v7e-m+fp/hard/crti.o
 .ARM.attributes
                0x00000022       0x34 C:/ST/STM32CubeIDE_1.19.0/STM32CubeIDE/plugins/com.st.stm32cube.ide.mcu.externaltools.gnu-tools-for-stm32.13.3.rel1.win32_1.0.0.202411081344/tools/bin/../lib/gcc/arm-none-eabi/13.3.1/thumb/v7e-m+fp/hard/crtbegin.o
 .ARM.attributes
                0x00000056       0x34 ./Core/Src/Initialize.o
 .ARM.attributes
                0x0000008a       0x34 ./Core/Src/LED.o
 .ARM.attributes
                0x000000be       0x34 ./Core/Src/T100MotorControl.o
 .ARM.attributes
                0x000000f2       0x34 ./Core/Src/main.o
 .ARM.attributes
                0x00000126       0x34 ./Core/Src/stm32f4xx_hal_msp.o
 .ARM.attributes
                0x0000015a       0x34 ./Core/Src/stm32f4xx_it.o
 .ARM.attributes
                0x0000018e       0x34 ./Core/Src/system_stm32f4xx.o
 .ARM.attributes
                0x000001c2       0x21 ./Core/Startup/startup_stm32f410r8tx.o
 .ARM.attributes
                0x000001e3       0x34 ./Drivers/STM32F4xx_HAL_Driver/Src/stm32f4xx_hal.o
 .ARM.attributes
                0x00000217       0x34 ./Drivers/STM32F4xx_HAL_Driver/Src/stm32f4xx_hal_cortex.o
 .ARM.attributes
                0x0000024b       0x34 ./Drivers/STM32F4xx_HAL_Driver/Src/stm32f4xx_hal_dma.o
 .ARM.attributes
                0x0000027f       0x34 ./Drivers/STM32F4xx_HAL_Driver/Src/stm32f4xx_hal_gpio.o
 .ARM.attributes
                0x000002b3       0x34 ./Drivers/STM32F4xx_HAL_Driver/Src/stm32f4xx_hal_i2c.o
 .ARM.attributes
                0x000002e7       0x34 ./Drivers/STM32F4xx_HAL_Driver/Src/stm32f4xx_hal_rcc.o
 .ARM.attributes
                0x0000031b       0x34 ./Drivers/STM32F4xx_HAL_Driver/Src/stm32f4xx_hal_rcc_ex.o
 .ARM.attributes
                0x0000034f       0x34 ./Drivers/STM32F4xx_HAL_Driver/Src/stm32f4xx_hal_tim.o
 .ARM.attributes
                0x00000383       0x34 ./Drivers/STM32F4xx_HAL_Driver/Src/stm32f4xx_hal_tim_ex.o
 .ARM.attributes
                0x000003b7       0x34 ./Drivers/STM32F4xx_HAL_Driver/Src/stm32f4xx_hal_uart.o
 .ARM.attributes
                0x000003eb       0x34 C:/ST/STM32CubeIDE_1.19.0/STM32CubeIDE/plugins/com.st.stm32cube.ide.mcu.externaltools.gnu-tools-for-stm32.13.3.rel1.win32_1.0.0.202411081344/tools/bin/../lib/gcc/arm-none-eabi/13.3.1/../../../../arm-none-eabi/lib/thumb/v7e-m+fp/hard\libc_nano.a(libc_a-memset.o)
 .ARM.attributes
                0x0000041f       0x34 C:/ST/STM32CubeIDE_1.19.0/STM32CubeIDE/plugins/com.st.stm32cube.ide.mcu.externaltools.gnu-tools-for-stm32.13.3.rel1.win32_1.0.0.202411081344/tools/bin/../lib/gcc/arm-none-eabi/13.3.1/../../../../arm-none-eabi/lib/thumb/v7e-m+fp/hard\libc_nano.a(libc_a-init.o)
 .ARM.attributes
                0x00000453       0x22 C:/ST/STM32CubeIDE_1.19.0/STM32CubeIDE/plugins/com.st.stm32cube.ide.mcu.externaltools.gnu-tools-for-stm32.13.3.rel1.win32_1.0.0.202411081344/tools/bin/../lib/gcc/arm-none-eabi/13.3.1/thumb/v7e-m+fp/hard\libgcc.a(_arm_muldf3.o)
 .ARM.attributes
                0x00000475       0x22 C:/ST/STM32CubeIDE_1.19.0/STM32CubeIDE/plugins/com.st.stm32cube.ide.mcu.externaltools.gnu-tools-for-stm32.13.3.rel1.win32_1.0.0.202411081344/tools/bin/../lib/gcc/arm-none-eabi/13.3.1/thumb/v7e-m+fp/hard\libgcc.a(_arm_addsubdf3.o)
 .ARM.attributes
                0x00000497       0x22 C:/ST/STM32CubeIDE_1.19.0/STM32CubeIDE/plugins/com.st.stm32cube.ide.mcu.externaltools.gnu-tools-for-stm32.13.3.rel1.win32_1.0.0.202411081344/tools/bin/../lib/gcc/arm-none-eabi/13.3.1/thumb/v7e-m+fp/hard\libgcc.a(_arm_fixunsdfsi.o)
 .ARM.attributes
                0x000004b9       0x22 C:/ST/STM32CubeIDE_1.19.0/STM32CubeIDE/plugins/com.st.stm32cube.ide.mcu.externaltools.gnu-tools-for-stm32.13.3.rel1.win32_1.0.0.202411081344/tools/bin/../lib/gcc/arm-none-eabi/13.3.1/thumb/v7e-m+fp/hard\libgcc.a(_aeabi_uldivmod.o)
 .ARM.attributes
                0x000004db       0x34 C:/ST/STM32CubeIDE_1.19.0/STM32CubeIDE/plugins/com.st.stm32cube.ide.mcu.externaltools.gnu-tools-for-stm32.13.3.rel1.win32_1.0.0.202411081344/tools/bin/../lib/gcc/arm-none-eabi/13.3.1/thumb/v7e-m+fp/hard\libgcc.a(_udivmoddi4.o)
 .ARM.attributes
                0x0000050f       0x22 C:/ST/STM32CubeIDE_1.19.0/STM32CubeIDE/plugins/com.st.stm32cube.ide.mcu.externaltools.gnu-tools-for-stm32.13.3.rel1.win32_1.0.0.202411081344/tools/bin/../lib/gcc/arm-none-eabi/13.3.1/thumb/v7e-m+fp/hard\libgcc.a(_dvmd_tls.o)
 .ARM.attributes
                0x00000531       0x22 C:/ST/STM32CubeIDE_1.19.0/STM32CubeIDE/plugins/com.st.stm32cube.ide.mcu.externaltools.gnu-tools-for-stm32.13.3.rel1.win32_1.0.0.202411081344/tools/bin/../lib/gcc/arm-none-eabi/13.3.1/thumb/v7e-m+fp/hard/crtn.o
OUTPUT(2026_WorkingMotorBoardFirmware.elf elf32-littlearm)
LOAD linker stubs
LOAD C:/ST/STM32CubeIDE_1.19.0/STM32CubeIDE/plugins/com.st.stm32cube.ide.mcu.externaltools.gnu-tools-for-stm32.13.3.rel1.win32_1.0.0.202411081344/tools/bin/../lib/gcc/arm-none-eabi/13.3.1/../../../../arm-none-eabi/lib/thumb/v7e-m+fp/hard\libc.a
LOAD C:/ST/STM32CubeIDE_1.19.0/STM32CubeIDE/plugins/com.st.stm32cube.ide.mcu.externaltools.gnu-tools-for-stm32.13.3.rel1.win32_1.0.0.202411081344/tools/bin/../lib/gcc/arm-none-eabi/13.3.1/../../../../arm-none-eabi/lib/thumb/v7e-m+fp/hard\libm.a
LOAD C:/ST/STM32CubeIDE_1.19.0/STM32CubeIDE/plugins/com.st.stm32cube.ide.mcu.externaltools.gnu-tools-for-stm32.13.3.rel1.win32_1.0.0.202411081344/tools/bin/../lib/gcc/arm-none-eabi/13.3.1/thumb/v7e-m+fp/hard\libgcc.a

.debug_info     0x00000000    0x10bc9
 .debug_info    0x00000000      0x60c ./Core/Src/Initialize.o
 .debug_info    0x0000060c      0x25b ./Core/Src/LED.o
 .debug_info    0x00000867      0x3cc ./Core/Src/T100MotorControl.o
 .debug_info    0x00000c33     0x1858 ./Core/Src/main.o
 .debug_info    0x0000248b     0x1257 ./Core/Src/stm32f4xx_hal_msp.o
 .debug_info    0x000036e2      0x9f4 ./Core/Src/stm32f4xx_it.o
 .debug_info    0x000040d6      0x4f8 ./Core/Src/system_stm32f4xx.o
 .debug_info    0x000045ce       0x30 ./Core/Startup/startup_stm32f410r8tx.o
 .debug_info    0x000045fe      0x872 ./Drivers/STM32F4xx_HAL_Driver/Src/stm32f4xx_hal.o
 .debug_info    0x00004e70      0xcde ./Drivers/STM32F4xx_HAL_Driver/Src/stm32f4xx_hal_cortex.o
 .debug_info    0x00005b4e      0x8e6 ./Drivers/STM32F4xx_HAL_Driver/Src/stm32f4xx_hal_dma.o
 .debug_info    0x00006434      0x6c5 ./Drivers/STM32F4xx_HAL_Driver/Src/stm32f4xx_hal_gpio.o
 .debug_info    0x00006af9     0x2426 ./Drivers/STM32F4xx_HAL_Driver/Src/stm32f4xx_hal_i2c.o
 .debug_info    0x00008f1f      0x8bb ./Drivers/STM32F4xx_HAL_Driver/Src/stm32f4xx_hal_rcc.o
 .debug_info    0x000097da      0x62f ./Drivers/STM32F4xx_HAL_Driver/Src/stm32f4xx_hal_rcc_ex.o
 .debug_info    0x00009e09     0x2996 ./Drivers/STM32F4xx_HAL_Driver/Src/stm32f4xx_hal_tim.o
 .debug_info    0x0000c79f     0x14d4 ./Drivers/STM32F4xx_HAL_Driver/Src/stm32f4xx_hal_tim_ex.o
 .debug_info    0x0000dc73     0x2f56 ./Drivers/STM32F4xx_HAL_Driver/Src/stm32f4xx_hal_uart.o

.debug_abbrev   0x00000000     0x259b
 .debug_abbrev  0x00000000      0x154 ./Core/Src/Initialize.o
 .debug_abbrev  0x00000154      0x152 ./Core/Src/LED.o
 .debug_abbrev  0x000002a6      0x141 ./Core/Src/T100MotorControl.o
 .debug_abbrev  0x000003e7      0x35a ./Core/Src/main.o
 .debug_abbrev  0x00000741      0x25c ./Core/Src/stm32f4xx_hal_msp.o
 .debug_abbrev  0x0000099d      0x1c7 ./Core/Src/stm32f4xx_it.o
 .debug_abbrev  0x00000b64      0x11a ./Core/Src/system_stm32f4xx.o
 .debug_abbrev  0x00000c7e       0x24 ./Core/Startup/startup_stm32f410r8tx.o
 .debug_abbrev  0x00000ca2      0x247 ./Drivers/STM32F4xx_HAL_Driver/Src/stm32f4xx_hal.o
 .debug_abbrev  0x00000ee9      0x31d ./Drivers/STM32F4xx_HAL_Driver/Src/stm32f4xx_hal_cortex.o
 .debug_abbrev  0x00001206      0x221 ./Drivers/STM32F4xx_HAL_Driver/Src/stm32f4xx_hal_dma.o
 .debug_abbrev  0x00001427      0x1d6 ./Drivers/STM32F4xx_HAL_Driver/Src/stm32f4xx_hal_gpio.o
 .debug_abbrev  0x000015fd      0x2bc ./Drivers/STM32F4xx_HAL_Driver/Src/stm32f4xx_hal_i2c.o
 .debug_abbrev  0x000018b9      0x2b7 ./Drivers/STM32F4xx_HAL_Driver/Src/stm32f4xx_hal_rcc.o
 .debug_abbrev  0x00001b70      0x1ef ./Drivers/STM32F4xx_HAL_Driver/Src/stm32f4xx_hal_rcc_ex.o
 .debug_abbrev  0x00001d5f      0x28b ./Drivers/STM32F4xx_HAL_Driver/Src/stm32f4xx_hal_tim.o
 .debug_abbrev  0x00001fea      0x296 ./Drivers/STM32F4xx_HAL_Driver/Src/stm32f4xx_hal_tim_ex.o
 .debug_abbrev  0x00002280      0x31b ./Drivers/STM32F4xx_HAL_Driver/Src/stm32f4xx_hal_uart.o

.debug_aranges  0x00000000     0x1048
 .debug_aranges
                0x00000000       0x48 ./Core/Src/Initialize.o
 .debug_aranges
                0x00000048       0x30 ./Core/Src/LED.o
 .debug_aranges
                0x00000078       0x40 ./Core/Src/T100MotorControl.o
 .debug_aranges
                0x000000b8       0xa0 ./Core/Src/main.o
 .debug_aranges
                0x00000158       0x50 ./Core/Src/stm32f4xx_hal_msp.o
 .debug_aranges
                0x000001a8       0x88 ./Core/Src/stm32f4xx_it.o
 .debug_aranges
                0x00000230       0x28 ./Core/Src/system_stm32f4xx.o
 .debug_aranges
                0x00000258       0x28 ./Core/Startup/startup_stm32f410r8tx.o
 .debug_aranges
                0x00000280       0xf0 ./Drivers/STM32F4xx_HAL_Driver/Src/stm32f4xx_hal.o
 .debug_aranges
                0x00000370      0x130 ./Drivers/STM32F4xx_HAL_Driver/Src/stm32f4xx_hal_cortex.o
 .debug_aranges
                0x000004a0       0x90 ./Drivers/STM32F4xx_HAL_Driver/Src/stm32f4xx_hal_dma.o
 .debug_aranges
                0x00000530       0x58 ./Drivers/STM32F4xx_HAL_Driver/Src/stm32f4xx_hal_gpio.o
 .debug_aranges
                0x00000588      0x2a8 ./Drivers/STM32F4xx_HAL_Driver/Src/stm32f4xx_hal_i2c.o
 .debug_aranges
                0x00000830       0x88 ./Drivers/STM32F4xx_HAL_Driver/Src/stm32f4xx_hal_rcc.o
 .debug_aranges
                0x000008b8       0x50 ./Drivers/STM32F4xx_HAL_Driver/Src/stm32f4xx_hal_rcc_ex.o
 .debug_aranges
                0x00000908      0x3d0 ./Drivers/STM32F4xx_HAL_Driver/Src/stm32f4xx_hal_tim.o
 .debug_aranges
                0x00000cd8      0x168 ./Drivers/STM32F4xx_HAL_Driver/Src/stm32f4xx_hal_tim_ex.o
 .debug_aranges
                0x00000e40      0x208 ./Drivers/STM32F4xx_HAL_Driver/Src/stm32f4xx_hal_uart.o

.debug_rnglists
                0x00000000      0xcde
 .debug_rnglists
                0x00000000       0x36 ./Core/Src/Initialize.o
 .debug_rnglists
                0x00000036       0x20 ./Core/Src/LED.o
 .debug_rnglists
                0x00000056       0x2d ./Core/Src/T100MotorControl.o
 .debug_rnglists
                0x00000083       0x77 ./Core/Src/main.o
 .debug_rnglists
                0x000000fa       0x39 ./Core/Src/stm32f4xx_hal_msp.o
 .debug_rnglists
                0x00000133       0x61 ./Core/Src/stm32f4xx_it.o
 .debug_rnglists
                0x00000194       0x1a ./Core/Src/system_stm32f4xx.o
 .debug_rnglists
                0x000001ae       0x19 ./Core/Startup/startup_stm32f410r8tx.o
 .debug_rnglists
                0x000001c7       0xaf ./Drivers/STM32F4xx_HAL_Driver/Src/stm32f4xx_hal.o
 .debug_rnglists
                0x00000276       0xe0 ./Drivers/STM32F4xx_HAL_Driver/Src/stm32f4xx_hal_cortex.o
 .debug_rnglists
                0x00000356       0x70 ./Drivers/STM32F4xx_HAL_Driver/Src/stm32f4xx_hal_dma.o
 .debug_rnglists
                0x000003c6       0x3f ./Drivers/STM32F4xx_HAL_Driver/Src/stm32f4xx_hal_gpio.o
 .debug_rnglists
                0x00000405      0x23c ./Drivers/STM32F4xx_HAL_Driver/Src/stm32f4xx_hal_i2c.o
 .debug_rnglists
                0x00000641       0x66 ./Drivers/STM32F4xx_HAL_Driver/Src/stm32f4xx_hal_rcc.o
 .debug_rnglists
                0x000006a7       0x3c ./Drivers/STM32F4xx_HAL_Driver/Src/stm32f4xx_hal_rcc_ex.o
 .debug_rnglists
                0x000006e3      0x31a ./Drivers/STM32F4xx_HAL_Driver/Src/stm32f4xx_hal_tim.o
 .debug_rnglists
                0x000009fd      0x125 ./Drivers/STM32F4xx_HAL_Driver/Src/stm32f4xx_hal_tim_ex.o
 .debug_rnglists
                0x00000b22      0x1bc ./Drivers/STM32F4xx_HAL_Driver/Src/stm32f4xx_hal_uart.o

.debug_macro    0x00000000    0x15b5d
 .debug_macro   0x00000000      0x1fa ./Core/Src/Initialize.o
 .debug_macro   0x000001fa      0xad8 ./Core/Src/Initialize.o
 .debug_macro   0x00000cd2       0x28 ./Core/Src/Initialize.o
 .debug_macro   0x00000cfa       0x22 ./Core/Src/Initialize.o
 .debug_macro   0x00000d1c       0x8e ./Core/Src/Initialize.o
 .debug_macro   0x00000daa       0x51 ./Core/Src/Initialize.o
 .debug_macro   0x00000dfb      0x103 ./Core/Src/Initialize.o
 .debug_macro   0x00000efe       0x6a ./Core/Src/Initialize.o
 .debug_macro   0x00000f68      0x1df ./Core/Src/Initialize.o
 .debug_macro   0x00001147       0x1c ./Core/Src/Initialize.o
 .debug_macro   0x00001163       0x22 ./Core/Src/Initialize.o
 .debug_macro   0x00001185       0xfb ./Core/Src/Initialize.o
 .debug_macro   0x00001280     0x1011 ./Core/Src/Initialize.o
 .debug_macro   0x00002291      0x11f ./Core/Src/Initialize.o
 .debug_macro   0x000023b0     0x9cb9 ./Core/Src/Initialize.o
 .debug_macro   0x0000c069       0x2e ./Core/Src/Initialize.o
 .debug_macro   0x0000c097       0x6d ./Core/Src/Initialize.o
 .debug_macro   0x0000c104      0x2a1 ./Core/Src/Initialize.o
 .debug_macro   0x0000c3a5     0x3693 ./Core/Src/Initialize.o
 .debug_macro   0x0000fa38      0x190 ./Core/Src/Initialize.o
 .debug_macro   0x0000fbc8       0x5c ./Core/Src/Initialize.o
 .debug_macro   0x0000fc24      0x3b4 ./Core/Src/Initialize.o
 .debug_macro   0x0000ffd8      0x9e9 ./Core/Src/Initialize.o
 .debug_macro   0x000109c1      0x115 ./Core/Src/Initialize.o
 .debug_macro   0x00010ad6       0xc0 ./Core/Src/Initialize.o
 .debug_macro   0x00010b96       0xa5 ./Core/Src/Initialize.o
 .debug_macro   0x00010c3b      0x157 ./Core/Src/Initialize.o
 .debug_macro   0x00010d92      0x287 ./Core/Src/Initialize.o
 .debug_macro   0x00011019       0x5f ./Core/Src/Initialize.o
 .debug_macro   0x00011078      0x236 ./Core/Src/Initialize.o
 .debug_macro   0x000112ae      0x132 ./Core/Src/Initialize.o
 .debug_macro   0x000113e0      0x225 ./Core/Src/Initialize.o
 .debug_macro   0x00011605       0x2e ./Core/Src/Initialize.o
 .debug_macro   0x00011633      0x1b5 ./Core/Src/Initialize.o
 .debug_macro   0x000117e8       0x22 ./Core/Src/Initialize.o
 .debug_macro   0x0001180a       0xd6 ./Core/Src/Initialize.o
 .debug_macro   0x000118e0      0x127 ./Core/Src/Initialize.o
 .debug_macro   0x00011a07       0x91 ./Core/Src/Initialize.o
 .debug_macro   0x00011a98       0x89 ./Core/Src/Initialize.o
 .debug_macro   0x00011b21      0x8ed ./Core/Src/Initialize.o
 .debug_macro   0x0001240e       0x35 ./Core/Src/Initialize.o
 .debug_macro   0x00012443      0x2aa ./Core/Src/Initialize.o
 .debug_macro   0x000126ed      0x134 ./Core/Src/Initialize.o
 .debug_macro   0x00012821       0x46 ./Core/Src/Initialize.o
 .debug_macro   0x00012867      0x327 ./Core/Src/LED.o
 .debug_macro   0x00012b8e       0x5b ./Core/Src/LED.o
 .debug_macro   0x00012be9       0x2a ./Core/Src/LED.o
 .debug_macro   0x00012c13       0x94 ./Core/Src/LED.o
 .debug_macro   0x00012ca7       0x43 ./Core/Src/LED.o
 .debug_macro   0x00012cea       0x34 ./Core/Src/LED.o
 .debug_macro   0x00012d1e       0x16 ./Core/Src/LED.o
 .debug_macro   0x00012d34       0x57 ./Core/Src/LED.o
 .debug_macro   0x00012d8b       0x9e ./Core/Src/LED.o
 .debug_macro   0x00012e29      0x370 ./Core/Src/LED.o
 .debug_macro   0x00013199      0x112 ./Core/Src/LED.o
 .debug_macro   0x000132ab       0x10 ./Core/Src/LED.o
 .debug_macro   0x000132bb       0x16 ./Core/Src/LED.o
 .debug_macro   0x000132d1       0x4a ./Core/Src/LED.o
 .debug_macro   0x0001331b       0x34 ./Core/Src/LED.o
 .debug_macro   0x0001334f       0x10 ./Core/Src/LED.o
 .debug_macro   0x0001335f       0x58 ./Core/Src/LED.o
 .debug_macro   0x000133b7       0x8e ./Core/Src/LED.o
 .debug_macro   0x00013445       0x1c ./Core/Src/LED.o
 .debug_macro   0x00013461      0x185 ./Core/Src/LED.o
 .debug_macro   0x000135e6       0x16 ./Core/Src/LED.o
 .debug_macro   0x000135fc       0x16 ./Core/Src/LED.o
 .debug_macro   0x00013612      0x146 ./Core/Src/LED.o
 .debug_macro   0x00013758       0x16 ./Core/Src/LED.o
 .debug_macro   0x0001376e       0x3c ./Core/Src/LED.o
 .debug_macro   0x000137aa       0x20 ./Core/Src/LED.o
 .debug_macro   0x000137ca       0x16 ./Core/Src/LED.o
 .debug_macro   0x000137e0       0x16 ./Core/Src/LED.o
 .debug_macro   0x000137f6       0x29 ./Core/Src/LED.o
 .debug_macro   0x0001381f       0x56 ./Core/Src/LED.o
 .debug_macro   0x00013875      0x203 ./Core/Src/T100MotorControl.o
 .debug_macro   0x00013a78       0x46 ./Core/Src/T100MotorControl.o
 .debug_macro   0x00013abe       0x4c ./Core/Src/T100MotorControl.o
 .debug_macro   0x00013b0a      0x36d ./Core/Src/main.o
 .debug_macro   0x00013e77       0x61 ./Core/Src/main.o
 .debug_macro   0x00013ed8       0x10 ./Core/Src/main.o
 .debug_macro   0x00013ee8      0x34f ./Core/Src/stm32f4xx_hal_msp.o
 .debug_macro   0x00014237      0x359 ./Core/Src/stm32f4xx_it.o
 .debug_macro   0x00014590      0x1e7 ./Core/Src/system_stm32f4xx.o
 .debug_macro   0x00014777      0x247 ./Drivers/STM32F4xx_HAL_Driver/Src/stm32f4xx_hal.o
 .debug_macro   0x000149be      0x1e7 ./Drivers/STM32F4xx_HAL_Driver/Src/stm32f4xx_hal_cortex.o
 .debug_macro   0x00014ba5      0x1ed ./Drivers/STM32F4xx_HAL_Driver/Src/stm32f4xx_hal_dma.o
 .debug_macro   0x00014d92      0x1ed ./Drivers/STM32F4xx_HAL_Driver/Src/stm32f4xx_hal_gpio.o
 .debug_macro   0x00014f7f      0x235 ./Drivers/STM32F4xx_HAL_Driver/Src/stm32f4xx_hal_i2c.o
 .debug_macro   0x000151b4      0x20b ./Drivers/STM32F4xx_HAL_Driver/Src/stm32f4xx_hal_rcc.o
 .debug_macro   0x000153bf      0x1e7 ./Drivers/STM32F4xx_HAL_Driver/Src/stm32f4xx_hal_rcc_ex.o
 .debug_macro   0x000155a6      0x1e8 ./Drivers/STM32F4xx_HAL_Driver/Src/stm32f4xx_hal_tim.o
 .debug_macro   0x0001578e      0x1e7 ./Drivers/STM32F4xx_HAL_Driver/Src/stm32f4xx_hal_tim_ex.o
 .debug_macro   0x00015975      0x1e8 ./Drivers/STM32F4xx_HAL_Driver/Src/stm32f4xx_hal_uart.o

.debug_line     0x00000000    0x14488
 .debug_line    0x00000000      0x9dd ./Core/Src/Initialize.o
 .debug_line    0x000009dd      0x988 ./Core/Src/LED.o
 .debug_line    0x00001365      0x887 ./Core/Src/T100MotorControl.o
 .debug_line    0x00001bec      0xd87 ./Core/Src/main.o
 .debug_line    0x00002973      0xa96 ./Core/Src/stm32f4xx_hal_msp.o
 .debug_line    0x00003409      0xa64 ./Core/Src/stm32f4xx_it.o
 .debug_line    0x00003e6d      0x7ed ./Core/Src/system_stm32f4xx.o
 .debug_line    0x0000465a       0x7a ./Core/Startup/startup_stm32f410r8tx.o
 .debug_line    0x000046d4      0xa67 ./Drivers/STM32F4xx_HAL_Driver/Src/stm32f4xx_hal.o
 .debug_line    0x0000513b      0xd39 ./Drivers/STM32F4xx_HAL_Driver/Src/stm32f4xx_hal_cortex.o
 .debug_line    0x00005e74      0xfd5 ./Drivers/STM32F4xx_HAL_Driver/Src/stm32f4xx_hal_dma.o
 .debug_line    0x00006e49      0xb5d ./Drivers/STM32F4xx_HAL_Driver/Src/stm32f4xx_hal_gpio.o
 .debug_line    0x000079a6     0x3b16 ./Drivers/STM32F4xx_HAL_Driver/Src/stm32f4xx_hal_i2c.o
 .debug_line    0x0000b4bc      0xe86 ./Drivers/STM32F4xx_HAL_Driver/Src/stm32f4xx_hal_rcc.o
 .debug_line    0x0000c342      0xe06 ./Drivers/STM32F4xx_HAL_Driver/Src/stm32f4xx_hal_rcc_ex.o
 .debug_line    0x0000d148     0x34c1 ./Drivers/STM32F4xx_HAL_Driver/Src/stm32f4xx_hal_tim.o
 .debug_line    0x00010609     0x18ce ./Drivers/STM32F4xx_HAL_Driver/Src/stm32f4xx_hal_tim_ex.o
 .debug_line    0x00011ed7     0x25b1 ./Drivers/STM32F4xx_HAL_Driver/Src/stm32f4xx_hal_uart.o

.debug_str      0x00000000    0x81f87
 .debug_str     0x00000000    0x81f87 ./Core/Src/Initialize.o
                              0x79eed (size before relaxing)
 .debug_str     0x00081f87    0x7d585 ./Core/Src/LED.o
 .debug_str     0x00081f87    0x79e4a ./Core/Src/T100MotorControl.o
 .debug_str     0x00081f87    0x7ea9b ./Core/Src/main.o
 .debug_str     0x00081f87    0x7e5a3 ./Core/Src/stm32f4xx_hal_msp.o
 .debug_str     0x00081f87    0x7de8c ./Core/Src/stm32f4xx_it.o
 .debug_str     0x00081f87    0x79d58 ./Core/Src/system_stm32f4xx.o
 .debug_str     0x00081f87       0x98 ./Core/Startup/startup_stm32f410r8tx.o
 .debug_str     0x00081f87    0x7a74e ./Drivers/STM32F4xx_HAL_Driver/Src/stm32f4xx_hal.o
 .debug_str     0x00081f87    0x7a4e7 ./Drivers/STM32F4xx_HAL_Driver/Src/stm32f4xx_hal_cortex.o
 .debug_str     0x00081f87    0x7a18f ./Drivers/STM32F4xx_HAL_Driver/Src/stm32f4xx_hal_dma.o
 .debug_str     0x00081f87    0x79ed9 ./Drivers/STM32F4xx_HAL_Driver/Src/stm32f4xx_hal_gpio.o
 .debug_str     0x00081f87    0x7ad98 ./Drivers/STM32F4xx_HAL_Driver/Src/stm32f4xx_hal_i2c.o
 .debug_str     0x00081f87    0x7a191 ./Drivers/STM32F4xx_HAL_Driver/Src/stm32f4xx_hal_rcc.o
 .debug_str     0x00081f87    0x79fa4 ./Drivers/STM32F4xx_HAL_Driver/Src/stm32f4xx_hal_rcc_ex.o
 .debug_str     0x00081f87    0x7b0ff ./Drivers/STM32F4xx_HAL_Driver/Src/stm32f4xx_hal_tim.o
 .debug_str     0x00081f87    0x7a90b ./Drivers/STM32F4xx_HAL_Driver/Src/stm32f4xx_hal_tim_ex.o
 .debug_str     0x00081f87    0x7a78a ./Drivers/STM32F4xx_HAL_Driver/Src/stm32f4xx_hal_uart.o

.comment        0x00000000       0x43
 .comment       0x00000000       0x43 ./Core/Src/Initialize.o
                                 0x44 (size before relaxing)
 .comment       0x00000043       0x44 ./Core/Src/LED.o
 .comment       0x00000043       0x44 ./Core/Src/T100MotorControl.o
 .comment       0x00000043       0x44 ./Core/Src/main.o
 .comment       0x00000043       0x44 ./Core/Src/stm32f4xx_hal_msp.o
 .comment       0x00000043       0x44 ./Core/Src/stm32f4xx_it.o
 .comment       0x00000043       0x44 ./Core/Src/system_stm32f4xx.o
 .comment       0x00000043       0x44 ./Drivers/STM32F4xx_HAL_Driver/Src/stm32f4xx_hal.o
 .comment       0x00000043       0x44 ./Drivers/STM32F4xx_HAL_Driver/Src/stm32f4xx_hal_cortex.o
 .comment       0x00000043       0x44 ./Drivers/STM32F4xx_HAL_Driver/Src/stm32f4xx_hal_dma.o
 .comment       0x00000043       0x44 ./Drivers/STM32F4xx_HAL_Driver/Src/stm32f4xx_hal_gpio.o
 .comment       0x00000043       0x44 ./Drivers/STM32F4xx_HAL_Driver/Src/stm32f4xx_hal_i2c.o
 .comment       0x00000043       0x44 ./Drivers/STM32F4xx_HAL_Driver/Src/stm32f4xx_hal_rcc.o
 .comment       0x00000043       0x44 ./Drivers/STM32F4xx_HAL_Driver/Src/stm32f4xx_hal_rcc_ex.o
 .comment       0x00000043       0x44 ./Drivers/STM32F4xx_HAL_Driver/Src/stm32f4xx_hal_tim.o
 .comment       0x00000043       0x44 ./Drivers/STM32F4xx_HAL_Driver/Src/stm32f4xx_hal_tim_ex.o
 .comment       0x00000043       0x44 ./Drivers/STM32F4xx_HAL_Driver/Src/stm32f4xx_hal_uart.o

.debug_frame    0x00000000     0x45f0
 .debug_frame   0x00000000      0x100 ./Core/Src/Initialize.o
 .debug_frame   0x00000100       0x7c ./Core/Src/LED.o
 .debug_frame   0x0000017c       0xac ./Core/Src/T100MotorControl.o
 .debug_frame   0x00000228      0x234 ./Core/Src/main.o
 .debug_frame   0x0000045c      0x110 ./Core/Src/stm32f4xx_hal_msp.o
 .debug_frame   0x0000056c      0x190 ./Core/Src/stm32f4xx_it.o
 .debug_frame   0x000006fc       0x58 ./Core/Src/system_stm32f4xx.o
 .debug_frame   0x00000754      0x374 ./Drivers/STM32F4xx_HAL_Driver/Src/stm32f4xx_hal.o
 .debug_frame   0x00000ac8      0x508 ./Drivers/STM32F4xx_HAL_Driver/Src/stm32f4xx_hal_cortex.o
 .debug_frame   0x00000fd0      0x250 ./Drivers/STM32F4xx_HAL_Driver/Src/stm32f4xx_hal_dma.o
 .debug_frame   0x00001220      0x14c ./Drivers/STM32F4xx_HAL_Driver/Src/stm32f4xx_hal_gpio.o
 .debug_frame   0x0000136c      0xc84 ./Drivers/STM32F4xx_HAL_Driver/Src/stm32f4xx_hal_i2c.o
 .debug_frame   0x00001ff0      0x1f4 ./Drivers/STM32F4xx_HAL_Driver/Src/stm32f4xx_hal_rcc.o
 .debug_frame   0x000021e4      0x120 ./Drivers/STM32F4xx_HAL_Driver/Src/stm32f4xx_hal_rcc_ex.o
 .debug_frame   0x00002304     0x11b4 ./Drivers/STM32F4xx_HAL_Driver/Src/stm32f4xx_hal_tim.o
 .debug_frame   0x000034b8      0x638 ./Drivers/STM32F4xx_HAL_Driver/Src/stm32f4xx_hal_tim_ex.o
 .debug_frame   0x00003af0      0x954 ./Drivers/STM32F4xx_HAL_Driver/Src/stm32f4xx_hal_uart.o
 .debug_frame   0x00004444       0x20 C:/ST/STM32CubeIDE_1.19.0/STM32CubeIDE/plugins/com.st.stm32cube.ide.mcu.externaltools.gnu-tools-for-stm32.13.3.rel1.win32_1.0.0.202411081344/tools/bin/../lib/gcc/arm-none-eabi/13.3.1/../../../../arm-none-eabi/lib/thumb/v7e-m+fp/hard\libc_nano.a(libc_a-memset.o)
 .debug_frame   0x00004464       0x2c C:/ST/STM32CubeIDE_1.19.0/STM32CubeIDE/plugins/com.st.stm32cube.ide.mcu.externaltools.gnu-tools-for-stm32.13.3.rel1.win32_1.0.0.202411081344/tools/bin/../lib/gcc/arm-none-eabi/13.3.1/../../../../arm-none-eabi/lib/thumb/v7e-m+fp/hard\libc_nano.a(libc_a-init.o)
 .debug_frame   0x00004490       0x30 C:/ST/STM32CubeIDE_1.19.0/STM32CubeIDE/plugins/com.st.stm32cube.ide.mcu.externaltools.gnu-tools-for-stm32.13.3.rel1.win32_1.0.0.202411081344/tools/bin/../lib/gcc/arm-none-eabi/13.3.1/thumb/v7e-m+fp/hard\libgcc.a(_arm_muldf3.o)
 .debug_frame   0x000044c0       0xac C:/ST/STM32CubeIDE_1.19.0/STM32CubeIDE/plugins/com.st.stm32cube.ide.mcu.externaltools.gnu-tools-for-stm32.13.3.rel1.win32_1.0.0.202411081344/tools/bin/../lib/gcc/arm-none-eabi/13.3.1/thumb/v7e-m+fp/hard\libgcc.a(_arm_addsubdf3.o)
 .debug_frame   0x0000456c       0x24 C:/ST/STM32CubeIDE_1.19.0/STM32CubeIDE/plugins/com.st.stm32cube.ide.mcu.externaltools.gnu-tools-for-stm32.13.3.rel1.win32_1.0.0.202411081344/tools/bin/../lib/gcc/arm-none-eabi/13.3.1/thumb/v7e-m+fp/hard\libgcc.a(_arm_fixunsdfsi.o)
 .debug_frame   0x00004590       0x2c C:/ST/STM32CubeIDE_1.19.0/STM32CubeIDE/plugins/com.st.stm32cube.ide.mcu.externaltools.gnu-tools-for-stm32.13.3.rel1.win32_1.0.0.202411081344/tools/bin/../lib/gcc/arm-none-eabi/13.3.1/thumb/v7e-m+fp/hard\libgcc.a(_aeabi_uldivmod.o)
 .debug_frame   0x000045bc       0x34 C:/ST/STM32CubeIDE_1.19.0/STM32CubeIDE/plugins/com.st.stm32cube.ide.mcu.externaltools.gnu-tools-for-stm32.13.3.rel1.win32_1.0.0.202411081344/tools/bin/../lib/gcc/arm-none-eabi/13.3.1/thumb/v7e-m+fp/hard\libgcc.a(_udivmoddi4.o)

.debug_line_str
                0x00000000       0x7c
 .debug_line_str
                0x00000000       0x7c ./Core/Startup/startup_stm32f410r8tx.o
